[themewagon.github.io/stocker/index.html]
[backblue.gif]
[fade.gif]
[index.html]
[use.fontawesome.com/releases/v5.15.4/css/all.css]
[cdn.jsdelivr.net/npm/bootstrap-icons@1.4.1/font/bootstrap-icons.css]
[themewagon.github.io/stocker/lib/lightbox/css/lightbox.min.css]
[themewagon.github.io/stocker/lib/animate/animate.min.css]
[themewagon.github.io/stocker/lib/owlcarousel/assets/owl.carousel.min.css]
[themewagon.github.io/stocker/css/bootstrap.min.css]
[themewagon.github.io/stocker/css/style.css]
[themewagon.github.io/stocker/about.html]
[themewagon.github.io/stocker/service.html]
[themewagon.github.io/stocker/blog.html]
[themewagon.github.io/stocker/feature.html]
[themewagon.github.io/stocker/team.html]
[themewagon.github.io/stocker/testimonial.html]
[themewagon.github.io/stocker/offer.html]
[themewagon.github.io/stocker/FAQ.html]
[themewagon.github.io/stocker/404.html]
[themewagon.github.io/stocker/contact.html]
[themewagon.github.io/stocker/img/carousel-1.jpg]
[themewagon.github.io/stocker/img/carousel-2.jpg]
[themewagon.github.io/stocker/img/about-2.png]
[themewagon.github.io/stocker/img/about-3.png]
[themewagon.github.io/stocker/img/about-4.png]
[themewagon.github.io/stocker/img/about-5.jpg]
[themewagon.github.io/stocker/img/service-1.jpg]
[themewagon.github.io/stocker/img/service-2.jpg]
[themewagon.github.io/stocker/img/service-3.jpg]
[themewagon.github.io/stocker/img/service-4.jpg]
[themewagon.github.io/stocker/img/service-5.jpg]
[themewagon.github.io/stocker/img/service-6.jpg]
[themewagon.github.io/stocker/img/offer-1.jpg]
[themewagon.github.io/stocker/img/offer-2.jpg]
[themewagon.github.io/stocker/img/offer-3.jpg]
[themewagon.github.io/stocker/img/offer-4.jpg]
[themewagon.github.io/stocker/img/testimonial-1.jpg]
[themewagon.github.io/stocker/img/testimonial-2.jpg]
[themewagon.github.io/stocker/img/testimonial-3.jpg]
[themewagon.github.io/stocker/img/team-1.jpg]
[themewagon.github.io/stocker/img/team-2.jpg]
[themewagon.github.io/stocker/img/team-3.jpg]
[themewagon.github.io/stocker/img/team-4.jpg]
[ajax.googleapis.com/ajax/libs/jquery/3.6.4/jquery.min.js]
[cdn.jsdelivr.net/npm/bootstrap@5.0.0/dist/js/bootstrap.bundle.min.js]
[themewagon.github.io/stocker/lib/wow/wow.min.js]
[themewagon.github.io/stocker/lib/easing/easing.min.js]
[themewagon.github.io/stocker/lib/waypoints/waypoints.min.js]
[themewagon.github.io/stocker/lib/counterup/counterup.min.js]
[themewagon.github.io/stocker/lib/lightbox/js/lightbox.min.js]
[themewagon.github.io/stocker/lib/owlcarousel/owl.carousel.min.js]
[themewagon.github.io/stocker/js/main.js]
[themewagon.github.io/stocker/index.html]
[use.fontawesome.com/releases/v5.15.4/css/all.css]
[cdn.jsdelivr.net/npm/bootstrap-icons@1.4.1/font/fonts/bootstrap-iconsfb95.woff2]
[cdn.jsdelivr.net/npm/bootstrap-icons@1.4.1/font/fonts/bootstrap-iconsfb95.woff]
[cdn.jsdelivr.net/npm/bootstrap-icons@1.4.1/font/bootstrap-icons.css]
[themewagon.github.io/stocker/lib/animate/animate.min.css]
[themewagon.github.io/stocker/lib/lightbox/images/loading.gif]
[themewagon.github.io/stocker/lib/lightbox/css/lightbox.min.css]
[themewagon.github.io/stocker/lib/owlcarousel/assets/owl.video.play.png]
[themewagon.github.io/stocker/lib/owlcarousel/assets/owl.carousel.min.css]
[themewagon.github.io/stocker/css/bootstrap.min.css]
[themewagon.github.io/stocker/css/style.css]
[themewagon.github.io/stocker/about.html]
[themewagon.github.io/stocker/service.html]
[themewagon.github.io/stocker/blog.html]
[themewagon.github.io/stocker/feature.html]
[themewagon.github.io/stocker/team.html]
[themewagon.github.io/stocker/testimonial.html]
[themewagon.github.io/stocker/offer.html]
[themewagon.github.io/stocker/FAQ.html]
[themewagon.github.io/stocker/404.html]
[themewagon.github.io/stocker/contact.html]
